Java HotSpot(TM) 64-Bit Server VM (25.162-b12) for bsd-amd64 JRE (1.8.0_162-b12), built on Dec 19 2017 17:33:35 by "java_re" with gcc 4.2.1 (Based on Apple Inc. build 5658) (LLVM build 2336.11.00)
Memory: 4k page, physical 16777216k(1588832k free)

/proc/meminfo:

CommandLine flags: -XX:InitialHeapSize=536870912 -XX:MaxHeapSize=536870912 -XX:MaxNewSize=178958336 -XX:MaxTenuringThreshold=6 -XX:NewSize=178958336 -XX:OldPLABSize=16 -XX:OldSize=357912576 -XX:+PrintGC -XX:+PrintGCDateStamps -XX:+PrintGCDetails -XX:+PrintGCTimeStamps -XX:+UseCompressedClassPointers -XX:+UseCompressedOops -XX:+UseConcMarkSweepGC -XX:+UseParNewGC 
2020-10-26T01:36:39.364+0500: 0.167: [GC (Allocation Failure) 2020-10-26T01:36:39.364+0500: 0.167: [ParNew: 139776K->17472K(157248K), 0.0182326 secs] 139776K->46680K(506816K), 0.0183386 secs] [Times: user=0.04 sys=0.08, real=0.02 secs] 
2020-10-26T01:36:39.403+0500: 0.206: [GC (Allocation Failure) 2020-10-26T01:36:39.403+0500: 0.206: [ParNew: 157248K->17470K(157248K), 0.0190944 secs] 186456K->87817K(506816K), 0.0192032 secs] [Times: user=0.04 sys=0.08, real=0.02 secs] 
2020-10-26T01:36:39.441+0500: 0.244: [GC (Allocation Failure) 2020-10-26T01:36:39.441+0500: 0.244: [ParNew: 157246K->17472K(157248K), 0.0243472 secs] 227593K->130250K(506816K), 0.0244277 secs] [Times: user=0.18 sys=0.02, real=0.02 secs] 
2020-10-26T01:36:39.483+0500: 0.286: [GC (Allocation Failure) 2020-10-26T01:36:39.483+0500: 0.286: [ParNew: 156981K->17470K(157248K), 0.0236650 secs] 269759K->171980K(506816K), 0.0237408 secs] [Times: user=0.17 sys=0.01, real=0.02 secs] 
2020-10-26T01:36:39.522+0500: 0.325: [GC (Allocation Failure) 2020-10-26T01:36:39.522+0500: 0.325: [ParNew: 157246K->17472K(157248K), 0.0297915 secs] 311756K->221600K(506816K), 0.0298659 secs] [Times: user=0.19 sys=0.02, real=0.03 secs] 
2020-10-26T01:36:39.552+0500: 0.355: [GC (CMS Initial Mark) [1 CMS-initial-mark: 204128K(349568K)] 224655K(506816K), 0.0002344 secs] [Times: user=0.00 sys=0.00, real=0.00 secs] 
2020-10-26T01:36:39.552+0500: 0.355: [CMS-concurrent-mark-start]
2020-10-26T01:36:39.554+0500: 0.357: [CMS-concurrent-mark: 0.002/0.002 secs] [Times: user=0.00 sys=0.00, real=0.00 secs] 
2020-10-26T01:36:39.554+0500: 0.357: [CMS-concurrent-preclean-start]
2020-10-26T01:36:39.555+0500: 0.357: [CMS-concurrent-preclean: 0.001/0.001 secs] [Times: user=0.00 sys=0.00, real=0.00 secs] 
2020-10-26T01:36:39.555+0500: 0.357: [CMS-concurrent-abortable-preclean-start]
2020-10-26T01:36:39.575+0500: 0.378: [GC (Allocation Failure) 2020-10-26T01:36:39.575+0500: 0.378: [ParNew: 157194K->17466K(157248K), 0.0239782 secs] 361322K->263192K(506816K), 0.0240612 secs] [Times: user=0.18 sys=0.02, real=0.02 secs] 
2020-10-26T01:36:39.619+0500: 0.422: [GC (Allocation Failure) 2020-10-26T01:36:39.620+0500: 0.422: [ParNew: 157242K->17471K(157248K), 0.0286753 secs] 402968K->310906K(506816K), 0.0287684 secs] [Times: user=0.20 sys=0.01, real=0.03 secs] 
2020-10-26T01:36:39.672+0500: 0.475: [GC (Allocation Failure) 2020-10-26T01:36:39.672+0500: 0.475: [ParNew: 157247K->17471K(157248K), 0.0278994 secs] 450682K->359916K(506816K), 0.0279732 secs] [Times: user=0.20 sys=0.02, real=0.03 secs] 
2020-10-26T01:36:39.700+0500: 0.503: [CMS-concurrent-abortable-preclean: 0.003/0.145 secs] [Times: user=0.65 sys=0.05, real=0.15 secs] 
2020-10-26T01:36:39.700+0500: 0.503: [GC (CMS Final Remark) [YG occupancy: 17679 K (157248 K)]2020-10-26T01:36:39.700+0500: 0.503: [Rescan (parallel) , 0.0004469 secs]2020-10-26T01:36:39.700+0500: 0.503: [weak refs processing, 0.0000571 secs]2020-10-26T01:36:39.700+0500: 0.503: [class unloading, 0.0002522 secs]2020-10-26T01:36:39.701+0500: 0.504: [scrub symbol table, 0.0002680 secs]2020-10-26T01:36:39.701+0500: 0.504: [scrub string table, 0.0001570 secs][1 CMS-remark: 342445K(349568K)] 360125K(506816K), 0.0012847 secs] [Times: user=0.00 sys=0.00, real=0.00 secs] 
2020-10-26T01:36:39.701+0500: 0.504: [CMS-concurrent-sweep-start]
2020-10-26T01:36:39.702+0500: 0.505: [CMS-concurrent-sweep: 0.001/0.001 secs] [Times: user=0.00 sys=0.00, real=0.00 secs] 
2020-10-26T01:36:39.702+0500: 0.505: [CMS-concurrent-reset-start]
2020-10-26T01:36:39.703+0500: 0.506: [CMS-concurrent-reset: 0.001/0.001 secs] [Times: user=0.00 sys=0.00, real=0.00 secs] 
2020-10-26T01:36:39.718+0500: 0.520: [GC (Allocation Failure) 2020-10-26T01:36:39.718+0500: 0.520: [ParNew: 157247K->157247K(157248K), 0.0000193 secs]2020-10-26T01:36:39.718+0500: 0.520: [CMS: 305782K->270296K(349568K), 0.0482906 secs] 463029K->270296K(506816K), [Metaspace: 2724K->2724K(1056768K)], 0.0484210 secs] [Times: user=0.05 sys=0.00, real=0.05 secs] 
2020-10-26T01:36:39.766+0500: 0.569: [GC (CMS Initial Mark) [1 CMS-initial-mark: 270296K(349568K)] 270916K(506816K), 0.0002210 secs] [Times: user=0.00 sys=0.00, real=0.00 secs] 
2020-10-26T01:36:39.766+0500: 0.569: [CMS-concurrent-mark-start]
2020-10-26T01:36:39.768+0500: 0.571: [CMS-concurrent-mark: 0.001/0.001 secs] [Times: user=0.00 sys=0.00, real=0.00 secs] 
2020-10-26T01:36:39.768+0500: 0.571: [CMS-concurrent-preclean-start]
2020-10-26T01:36:39.769+0500: 0.571: [CMS-concurrent-preclean: 0.001/0.001 secs] [Times: user=0.00 sys=0.00, real=0.00 secs] 
2020-10-26T01:36:39.769+0500: 0.571: [CMS-concurrent-abortable-preclean-start]
2020-10-26T01:36:39.789+0500: 0.592: [GC (Allocation Failure) 2020-10-26T01:36:39.789+0500: 0.592: [ParNew: 139710K->17470K(157248K), 0.0067794 secs] 410006K->315559K(506816K), 0.0068752 secs] [Times: user=0.04 sys=0.00, real=0.01 secs] 
2020-10-26T01:36:39.819+0500: 0.622: [GC (Allocation Failure) 2020-10-26T01:36:39.819+0500: 0.622: [ParNew: 157246K->17471K(157248K), 0.0082605 secs] 455335K->358223K(506816K), 0.0083501 secs] [Times: user=0.06 sys=0.00, real=0.01 secs] 
2020-10-26T01:36:39.827+0500: 0.630: [CMS-concurrent-abortable-preclean: 0.002/0.059 secs] [Times: user=0.16 sys=0.00, real=0.06 secs] 
2020-10-26T01:36:39.827+0500: 0.630: [GC (CMS Final Remark) [YG occupancy: 17598 K (157248 K)]2020-10-26T01:36:39.827+0500: 0.630: [Rescan (parallel) , 0.0003851 secs]2020-10-26T01:36:39.828+0500: 0.630: [weak refs processing, 0.0000124 secs]2020-10-26T01:36:39.828+0500: 0.631: [class unloading, 0.0002143 secs]2020-10-26T01:36:39.828+0500: 0.631: [scrub symbol table, 0.0003007 secs]2020-10-26T01:36:39.828+0500: 0.631: [scrub string table, 0.0001905 secs][1 CMS-remark: 340751K(349568K)] 358350K(506816K), 0.0011635 secs] [Times: user=0.00 sys=0.00, real=0.00 secs] 
2020-10-26T01:36:39.828+0500: 0.631: [CMS-concurrent-sweep-start]
2020-10-26T01:36:39.829+0500: 0.632: [CMS-concurrent-sweep: 0.001/0.001 secs] [Times: user=0.00 sys=0.00, real=0.00 secs] 
2020-10-26T01:36:39.829+0500: 0.632: [CMS-concurrent-reset-start]
2020-10-26T01:36:39.829+0500: 0.632: [CMS-concurrent-reset: 0.000/0.000 secs] [Times: user=0.00 sys=0.00, real=0.00 secs] 
2020-10-26T01:36:39.847+0500: 0.650: [GC (Allocation Failure) 2020-10-26T01:36:39.847+0500: 0.650: [ParNew: 157247K->157247K(157248K), 0.0000213 secs]2020-10-26T01:36:39.847+0500: 0.650: [CMS: 340587K->307259K(349568K), 0.0489382 secs] 497834K->307259K(506816K), [Metaspace: 2724K->2724K(1056768K)], 0.0490892 secs] [Times: user=0.05 sys=0.00, real=0.05 secs] 
2020-10-26T01:36:39.897+0500: 0.699: [GC (CMS Initial Mark) [1 CMS-initial-mark: 307259K(349568K)] 307580K(506816K), 0.0002360 secs] [Times: user=0.00 sys=0.00, real=0.00 secs] 
2020-10-26T01:36:39.897+0500: 0.700: [CMS-concurrent-mark-start]
2020-10-26T01:36:39.898+0500: 0.701: [CMS-concurrent-mark: 0.002/0.002 secs] [Times: user=0.00 sys=0.00, real=0.00 secs] 
2020-10-26T01:36:39.898+0500: 0.701: [CMS-concurrent-preclean-start]
2020-10-26T01:36:39.899+0500: 0.702: [CMS-concurrent-preclean: 0.001/0.001 secs] [Times: user=0.00 sys=0.00, real=0.00 secs] 
2020-10-26T01:36:39.899+0500: 0.702: [CMS-concurrent-abortable-preclean-start]
2020-10-26T01:36:39.920+0500: 0.723: [GC (Allocation Failure) 2020-10-26T01:36:39.920+0500: 0.723: [ParNew: 139609K->17469K(157248K), 0.0080879 secs] 446868K->354644K(506816K), 0.0081802 secs] [Times: user=0.05 sys=0.00, real=0.00 secs] 
2020-10-26T01:36:39.928+0500: 0.731: [CMS-concurrent-abortable-preclean: 0.001/0.029 secs] [Times: user=0.08 sys=0.00, real=0.03 secs] 
2020-10-26T01:36:39.928+0500: 0.731: [GC (CMS Final Remark) [YG occupancy: 17792 K (157248 K)]2020-10-26T01:36:39.928+0500: 0.731: [Rescan (parallel) , 0.0004263 secs]2020-10-26T01:36:39.929+0500: 0.731: [weak refs processing, 0.0000150 secs]2020-10-26T01:36:39.929+0500: 0.731: [class unloading, 0.0002360 secs]2020-10-26T01:36:39.929+0500: 0.732: [scrub symbol table, 0.0003396 secs]2020-10-26T01:36:39.929+0500: 0.732: [scrub string table, 0.0002065 secs][1 CMS-remark: 337175K(349568K)] 354968K(506816K), 0.0013158 secs] [Times: user=0.01 sys=0.00, real=0.00 secs] 
2020-10-26T01:36:39.929+0500: 0.732: [CMS-concurrent-sweep-start]
2020-10-26T01:36:39.930+0500: 0.733: [CMS-concurrent-sweep: 0.001/0.001 secs] [Times: user=0.00 sys=0.00, real=0.01 secs] 
2020-10-26T01:36:39.930+0500: 0.733: [CMS-concurrent-reset-start]
2020-10-26T01:36:39.930+0500: 0.733: [CMS-concurrent-reset: 0.000/0.000 secs] [Times: user=0.00 sys=0.00, real=0.00 secs] 
2020-10-26T01:36:39.950+0500: 0.753: [GC (Allocation Failure) 2020-10-26T01:36:39.950+0500: 0.753: [ParNew: 157159K->157159K(157248K), 0.0000210 secs]2020-10-26T01:36:39.950+0500: 0.753: [CMS: 336900K->322614K(349568K), 0.0486410 secs] 494060K->322614K(506816K), [Metaspace: 2724K->2724K(1056768K)], 0.0487826 secs] [Times: user=0.05 sys=0.00, real=0.04 secs] 
2020-10-26T01:36:39.999+0500: 0.802: [GC (CMS Initial Mark) [1 CMS-initial-mark: 322614K(349568K)] 322999K(506816K), 0.0002670 secs] [Times: user=0.00 sys=0.00, real=0.01 secs] 
2020-10-26T01:36:40.000+0500: 0.802: [CMS-concurrent-mark-start]
2020-10-26T01:36:40.001+0500: 0.804: [CMS-concurrent-mark: 0.002/0.002 secs] [Times: user=0.00 sys=0.00, real=0.00 secs] 
2020-10-26T01:36:40.001+0500: 0.804: [CMS-concurrent-preclean-start]
2020-10-26T01:36:40.002+0500: 0.805: [CMS-concurrent-preclean: 0.001/0.001 secs] [Times: user=0.00 sys=0.00, real=0.00 secs] 
2020-10-26T01:36:40.002+0500: 0.805: [CMS-concurrent-abortable-preclean-start]
2020-10-26T01:36:40.025+0500: 0.828: [GC (Allocation Failure) 2020-10-26T01:36:40.025+0500: 0.828: [ParNew: 139776K->139776K(157248K), 0.0000227 secs]2020-10-26T01:36:40.025+0500: 0.828: [CMS2020-10-26T01:36:40.025+0500: 0.828: [CMS-concurrent-abortable-preclean: 0.001/0.023 secs] [Times: user=0.03 sys=0.00, real=0.02 secs] 
 (concurrent mode failure): 322614K->328390K(349568K), 0.0526486 secs] 462390K->328390K(506816K), [Metaspace: 2724K->2724K(1056768K)], 0.0527876 secs] [Times: user=0.05 sys=0.00, real=0.05 secs] 
2020-10-26T01:36:40.102+0500: 0.905: [GC (Allocation Failure) 2020-10-26T01:36:40.102+0500: 0.905: [ParNew: 139776K->139776K(157248K), 0.0000209 secs]2020-10-26T01:36:40.102+0500: 0.905: [CMS: 328390K->329075K(349568K), 0.0477877 secs] 468166K->329075K(506816K), [Metaspace: 2724K->2724K(1056768K)], 0.0479213 secs] [Times: user=0.05 sys=0.00, real=0.05 secs] 
2020-10-26T01:36:40.150+0500: 0.953: [GC (CMS Initial Mark) [1 CMS-initial-mark: 329075K(349568K)] 331927K(506816K), 0.0002215 secs] [Times: user=0.00 sys=0.00, real=0.00 secs] 
2020-10-26T01:36:40.150+0500: 0.953: [CMS-concurrent-mark-start]
2020-10-26T01:36:40.152+0500: 0.955: [CMS-concurrent-mark: 0.002/0.002 secs] [Times: user=0.01 sys=0.00, real=0.00 secs] 
2020-10-26T01:36:40.152+0500: 0.955: [CMS-concurrent-preclean-start]
2020-10-26T01:36:40.153+0500: 0.956: [CMS-concurrent-preclean: 0.001/0.001 secs] [Times: user=0.00 sys=0.00, real=0.00 secs] 
2020-10-26T01:36:40.153+0500: 0.956: [CMS-concurrent-abortable-preclean-start]
2020-10-26T01:36:40.174+0500: 0.977: [GC (Allocation Failure) 2020-10-26T01:36:40.174+0500: 0.977: [ParNew (promotion failed): 139776K->157246K(157248K), 0.0087917 secs]2020-10-26T01:36:40.183+0500: 0.986: [CMS2020-10-26T01:36:40.183+0500: 0.986: [CMS-concurrent-abortable-preclean: 0.001/0.030 secs] [Times: user=0.08 sys=0.01, real=0.03 secs] 
 (concurrent mode failure): 349055K->332742K(349568K), 0.0539828 secs] 468851K->332742K(506816K), [Metaspace: 2724K->2724K(1056768K)], 0.0629203 secs] [Times: user=0.11 sys=0.01, real=0.06 secs] 
2020-10-26T01:36:40.262+0500: 1.065: [GC (Allocation Failure) 2020-10-26T01:36:40.262+0500: 1.065: [ParNew: 139550K->139550K(157248K), 0.0000465 secs]2020-10-26T01:36:40.262+0500: 1.065: [CMS: 332742K->341144K(349568K), 0.0521169 secs] 472292K->341144K(506816K), [Metaspace: 2724K->2724K(1056768K)], 0.0522870 secs] [Times: user=0.05 sys=0.00, real=0.05 secs] 
2020-10-26T01:36:40.315+0500: 1.117: [GC (CMS Initial Mark) [1 CMS-initial-mark: 341144K(349568K)] 341828K(506816K), 0.0002593 secs] [Times: user=0.00 sys=0.00, real=0.00 secs] 
2020-10-26T01:36:40.315+0500: 1.118: [CMS-concurrent-mark-start]
Heap
 par new generation   total 157248K, used 6238K [0x00000007a0000000, 0x00000007aaaa0000, 0x00000007aaaa0000)
  eden space 139776K,   4% used [0x00000007a0000000, 0x00000007a0617810, 0x00000007a8880000)
  from space 17472K,   0% used [0x00000007a8880000, 0x00000007a8880000, 0x00000007a9990000)
  to   space 17472K,   0% used [0x00000007a9990000, 0x00000007a9990000, 0x00000007aaaa0000)
 concurrent mark-sweep generation total 349568K, used 341144K [0x00000007aaaa0000, 0x00000007c0000000, 0x00000007c0000000)
 Metaspace       used 2731K, capacity 4486K, committed 4864K, reserved 1056768K
  class space    used 297K, capacity 386K, committed 512K, reserved 1048576K
