Java HotSpot(TM) 64-Bit Server VM (25.162-b12) for bsd-amd64 JRE (1.8.0_162-b12), built on Dec 19 2017 17:33:35 by "java_re" with gcc 4.2.1 (Based on Apple Inc. build 5658) (LLVM build 2336.11.00)
Memory: 4k page, physical 16777216k(1544308k free)

/proc/meminfo:

CommandLine flags: -XX:InitialHeapSize=536870912 -XX:MaxHeapSize=536870912 -XX:MaxNewSize=178958336 -XX:MaxTenuringThreshold=6 -XX:NewSize=178958336 -XX:OldPLABSize=16 -XX:OldSize=357912576 -XX:+PrintGC -XX:+PrintGCDateStamps -XX:+PrintGCDetails -XX:+PrintGCTimeStamps -XX:+UseCompressedClassPointers -XX:+UseCompressedOops -XX:+UseConcMarkSweepGC -XX:+UseParNewGC 
2020-10-26T01:40:05.419+0500: 0.154: [GC (Allocation Failure) 2020-10-26T01:40:05.419+0500: 0.154: [ParNew: 139776K->17471K(157248K), 0.0206473 secs] 139776K->51250K(506816K), 0.0207469 secs] [Times: user=0.03 sys=0.09, real=0.03 secs] 
2020-10-26T01:40:05.462+0500: 0.197: [GC (Allocation Failure) 2020-10-26T01:40:05.462+0500: 0.197: [ParNew: 157247K->17472K(157248K), 0.0202913 secs] 191026K->95319K(506816K), 0.0203666 secs] [Times: user=0.04 sys=0.09, real=0.02 secs] 
2020-10-26T01:40:05.502+0500: 0.236: [GC (Allocation Failure) 2020-10-26T01:40:05.502+0500: 0.236: [ParNew: 157248K->17470K(157248K), 0.0248593 secs] 235095K->137655K(506816K), 0.0249375 secs] [Times: user=0.17 sys=0.02, real=0.02 secs] 
2020-10-26T01:40:05.545+0500: 0.280: [GC (Allocation Failure) 2020-10-26T01:40:05.545+0500: 0.280: [ParNew: 157246K->17471K(157248K), 0.0265875 secs] 277431K->182951K(506816K), 0.0266722 secs] [Times: user=0.19 sys=0.01, real=0.03 secs] 
2020-10-26T01:40:05.591+0500: 0.326: [GC (Allocation Failure) 2020-10-26T01:40:05.591+0500: 0.326: [ParNew: 157247K->17468K(157248K), 0.0264672 secs] 322727K->228943K(506816K), 0.0265545 secs] [Times: user=0.18 sys=0.02, real=0.02 secs] 
2020-10-26T01:40:05.618+0500: 0.353: [GC (CMS Initial Mark) [1 CMS-initial-mark: 211475K(349568K)] 229144K(506816K), 0.0003502 secs] [Times: user=0.00 sys=0.00, real=0.00 secs] 
2020-10-26T01:40:05.618+0500: 0.353: [CMS-concurrent-mark-start]
2020-10-26T01:40:05.620+0500: 0.355: [CMS-concurrent-mark: 0.002/0.002 secs] [Times: user=0.01 sys=0.00, real=0.01 secs] 
2020-10-26T01:40:05.620+0500: 0.355: [CMS-concurrent-preclean-start]
2020-10-26T01:40:05.621+0500: 0.355: [CMS-concurrent-preclean: 0.001/0.001 secs] [Times: user=0.00 sys=0.00, real=0.00 secs] 
2020-10-26T01:40:05.621+0500: 0.355: [CMS-concurrent-abortable-preclean-start]
2020-10-26T01:40:05.638+0500: 0.373: [GC (Allocation Failure) 2020-10-26T01:40:05.638+0500: 0.373: [ParNew: 157244K->17471K(157248K), 0.0262762 secs] 368719K->273870K(506816K), 0.0263525 secs] [Times: user=0.18 sys=0.01, real=0.03 secs] 
2020-10-26T01:40:05.684+0500: 0.419: [GC (Allocation Failure) 2020-10-26T01:40:05.684+0500: 0.419: [ParNew: 157247K->17470K(157248K), 0.0264899 secs] 413646K->316008K(506816K), 0.0265694 secs] [Times: user=0.18 sys=0.02, real=0.03 secs] 
2020-10-26T01:40:05.731+0500: 0.466: [GC (Allocation Failure) 2020-10-26T01:40:05.731+0500: 0.466: [ParNew: 157246K->17470K(157248K), 0.0302477 secs] 455784K->361161K(506816K), 0.0303218 secs] [Times: user=0.18 sys=0.02, real=0.03 secs] 
2020-10-26T01:40:05.762+0500: 0.496: [CMS-concurrent-abortable-preclean: 0.003/0.141 secs] [Times: user=0.61 sys=0.05, real=0.14 secs] 
2020-10-26T01:40:05.762+0500: 0.496: [GC (CMS Final Remark) [YG occupancy: 20673 K (157248 K)]2020-10-26T01:40:05.762+0500: 0.496: [Rescan (parallel) , 0.0003708 secs]2020-10-26T01:40:05.762+0500: 0.497: [weak refs processing, 0.0000185 secs]2020-10-26T01:40:05.762+0500: 0.497: [class unloading, 0.0002203 secs]2020-10-26T01:40:05.762+0500: 0.497: [scrub symbol table, 0.0002730 secs]2020-10-26T01:40:05.763+0500: 0.497: [scrub string table, 0.0001629 secs][1 CMS-remark: 343690K(349568K)] 364364K(506816K), 0.0011539 secs] [Times: user=0.00 sys=0.00, real=0.00 secs] 
2020-10-26T01:40:05.763+0500: 0.498: [CMS-concurrent-sweep-start]
2020-10-26T01:40:05.764+0500: 0.498: [CMS-concurrent-sweep: 0.001/0.001 secs] [Times: user=0.00 sys=0.00, real=0.00 secs] 
2020-10-26T01:40:05.764+0500: 0.498: [CMS-concurrent-reset-start]
2020-10-26T01:40:05.764+0500: 0.499: [CMS-concurrent-reset: 0.001/0.001 secs] [Times: user=0.01 sys=0.00, real=0.00 secs] 
2020-10-26T01:40:05.782+0500: 0.516: [GC (Allocation Failure) 2020-10-26T01:40:05.782+0500: 0.516: [ParNew: 157246K->17470K(157248K), 0.0092079 secs] 452693K->358354K(506816K), 0.0093048 secs] [Times: user=0.07 sys=0.00, real=0.01 secs] 
2020-10-26T01:40:05.791+0500: 0.526: [GC (CMS Initial Mark) [1 CMS-initial-mark: 340883K(349568K)] 358498K(506816K), 0.0001523 secs] [Times: user=0.00 sys=0.00, real=0.00 secs] 
2020-10-26T01:40:05.791+0500: 0.526: [CMS-concurrent-mark-start]
2020-10-26T01:40:05.793+0500: 0.527: [CMS-concurrent-mark: 0.001/0.001 secs] [Times: user=0.00 sys=0.00, real=0.00 secs] 
2020-10-26T01:40:05.793+0500: 0.527: [CMS-concurrent-preclean-start]
2020-10-26T01:40:05.793+0500: 0.528: [CMS-concurrent-preclean: 0.001/0.001 secs] [Times: user=0.00 sys=0.00, real=0.00 secs] 
2020-10-26T01:40:05.793+0500: 0.528: [CMS-concurrent-abortable-preclean-start]
2020-10-26T01:40:05.793+0500: 0.528: [CMS-concurrent-abortable-preclean: 0.000/0.000 secs] [Times: user=0.00 sys=0.00, real=0.00 secs] 
2020-10-26T01:40:05.793+0500: 0.528: [GC (CMS Final Remark) [YG occupancy: 32357 K (157248 K)]2020-10-26T01:40:05.793+0500: 0.528: [Rescan (parallel) , 0.0003060 secs]2020-10-26T01:40:05.794+0500: 0.528: [weak refs processing, 0.0000107 secs]2020-10-26T01:40:05.794+0500: 0.528: [class unloading, 0.0002069 secs]2020-10-26T01:40:05.794+0500: 0.529: [scrub symbol table, 0.0002841 secs]2020-10-26T01:40:05.794+0500: 0.529: [scrub string table, 0.0001763 secs][1 CMS-remark: 340883K(349568K)] 373241K(506816K), 0.0010465 secs] [Times: user=0.01 sys=0.00, real=0.00 secs] 
2020-10-26T01:40:05.794+0500: 0.529: [CMS-concurrent-sweep-start]
2020-10-26T01:40:05.795+0500: 0.530: [CMS-concurrent-sweep: 0.001/0.001 secs] [Times: user=0.00 sys=0.00, real=0.00 secs] 
2020-10-26T01:40:05.795+0500: 0.530: [CMS-concurrent-reset-start]
2020-10-26T01:40:05.796+0500: 0.530: [CMS-concurrent-reset: 0.000/0.000 secs] [Times: user=0.00 sys=0.00, real=0.00 secs] 
2020-10-26T01:40:05.814+0500: 0.549: [GC (Allocation Failure) 2020-10-26T01:40:05.814+0500: 0.549: [ParNew: 157246K->17469K(157248K), 0.0092536 secs] 402191K->307890K(506816K), 0.0093363 secs] [Times: user=0.06 sys=0.00, real=0.01 secs] 
2020-10-26T01:40:05.824+0500: 0.558: [GC (CMS Initial Mark) [1 CMS-initial-mark: 290421K(349568K)] 308178K(506816K), 0.0001539 secs] [Times: user=0.00 sys=0.00, real=0.00 secs] 
2020-10-26T01:40:05.824+0500: 0.558: [CMS-concurrent-mark-start]
2020-10-26T01:40:05.825+0500: 0.560: [CMS-concurrent-mark: 0.001/0.001 secs] [Times: user=0.01 sys=0.00, real=0.00 secs] 
2020-10-26T01:40:05.825+0500: 0.560: [CMS-concurrent-preclean-start]
2020-10-26T01:40:05.826+0500: 0.560: [CMS-concurrent-preclean: 0.001/0.001 secs] [Times: user=0.00 sys=0.00, real=0.00 secs] 
2020-10-26T01:40:05.826+0500: 0.560: [CMS-concurrent-abortable-preclean-start]
2020-10-26T01:40:05.841+0500: 0.576: [GC (Allocation Failure) 2020-10-26T01:40:05.841+0500: 0.576: [ParNew: 156940K->17470K(157248K), 0.0095586 secs] 447361K->355961K(506816K), 0.0096461 secs] [Times: user=0.07 sys=0.00, real=0.01 secs] 
2020-10-26T01:40:05.851+0500: 0.585: [CMS-concurrent-abortable-preclean: 0.001/0.025 secs] [Times: user=0.08 sys=0.00, real=0.03 secs] 
2020-10-26T01:40:05.851+0500: 0.585: [GC (CMS Final Remark) [YG occupancy: 17807 K (157248 K)]2020-10-26T01:40:05.851+0500: 0.585: [Rescan (parallel) , 0.0003309 secs]2020-10-26T01:40:05.851+0500: 0.586: [weak refs processing, 0.0000106 secs]2020-10-26T01:40:05.851+0500: 0.586: [class unloading, 0.0002060 secs]2020-10-26T01:40:05.851+0500: 0.586: [scrub symbol table, 0.0002825 secs]2020-10-26T01:40:05.852+0500: 0.586: [scrub string table, 0.0001749 secs][1 CMS-remark: 338490K(349568K)] 356298K(506816K), 0.0010608 secs] [Times: user=0.01 sys=0.00, real=0.00 secs] 
2020-10-26T01:40:05.852+0500: 0.586: [CMS-concurrent-sweep-start]
2020-10-26T01:40:05.853+0500: 0.587: [CMS-concurrent-sweep: 0.001/0.001 secs] [Times: user=0.00 sys=0.00, real=0.00 secs] 
2020-10-26T01:40:05.853+0500: 0.587: [CMS-concurrent-reset-start]
2020-10-26T01:40:05.853+0500: 0.588: [CMS-concurrent-reset: 0.000/0.000 secs] [Times: user=0.00 sys=0.00, real=0.00 secs] 
2020-10-26T01:40:05.870+0500: 0.604: [GC (Allocation Failure) 2020-10-26T01:40:05.870+0500: 0.604: [ParNew: 157246K->157246K(157248K), 0.0000199 secs]2020-10-26T01:40:05.870+0500: 0.604: [CMS: 312833K->308284K(349568K), 0.0495760 secs] 470079K->308284K(506816K), [Metaspace: 2724K->2724K(1056768K)], 0.0497046 secs] [Times: user=0.05 sys=0.00, real=0.04 secs] 
2020-10-26T01:40:05.920+0500: 0.654: [GC (CMS Initial Mark) [1 CMS-initial-mark: 308284K(349568K)] 308677K(506816K), 0.0001944 secs] [Times: user=0.00 sys=0.00, real=0.00 secs] 
2020-10-26T01:40:05.920+0500: 0.654: [CMS-concurrent-mark-start]
2020-10-26T01:40:05.921+0500: 0.656: [CMS-concurrent-mark: 0.001/0.001 secs] [Times: user=0.01 sys=0.00, real=0.00 secs] 
2020-10-26T01:40:05.921+0500: 0.656: [CMS-concurrent-preclean-start]
2020-10-26T01:40:05.922+0500: 0.656: [CMS-concurrent-preclean: 0.001/0.001 secs] [Times: user=0.00 sys=0.00, real=0.00 secs] 
2020-10-26T01:40:05.922+0500: 0.657: [CMS-concurrent-abortable-preclean-start]
2020-10-26T01:40:05.945+0500: 0.680: [GC (Allocation Failure) 2020-10-26T01:40:05.945+0500: 0.680: [ParNew: 139474K->17470K(157248K), 0.0074833 secs] 447759K->357800K(506816K), 0.0075732 secs] [Times: user=0.06 sys=0.00, real=0.01 secs] 
2020-10-26T01:40:05.953+0500: 0.687: [CMS-concurrent-abortable-preclean: 0.001/0.031 secs] [Times: user=0.08 sys=0.00, real=0.03 secs] 
2020-10-26T01:40:05.953+0500: 0.688: [GC (CMS Final Remark) [YG occupancy: 18109 K (157248 K)]2020-10-26T01:40:05.953+0500: 0.688: [Rescan (parallel) , 0.0010518 secs]2020-10-26T01:40:05.954+0500: 0.689: [weak refs processing, 0.0000158 secs]2020-10-26T01:40:05.954+0500: 0.689: [class unloading, 0.0002454 secs]2020-10-26T01:40:05.954+0500: 0.689: [scrub symbol table, 0.0003232 secs]2020-10-26T01:40:05.955+0500: 0.689: [scrub string table, 0.0002073 secs][1 CMS-remark: 340329K(349568K)] 358438K(506816K), 0.0019327 secs] [Times: user=0.00 sys=0.00, real=0.00 secs] 
2020-10-26T01:40:05.955+0500: 0.690: [CMS-concurrent-sweep-start]
2020-10-26T01:40:05.956+0500: 0.690: [CMS-concurrent-sweep: 0.001/0.001 secs] [Times: user=0.00 sys=0.00, real=0.00 secs] 
2020-10-26T01:40:05.956+0500: 0.690: [CMS-concurrent-reset-start]
2020-10-26T01:40:05.956+0500: 0.690: [CMS-concurrent-reset: 0.000/0.000 secs] [Times: user=0.00 sys=0.00, real=0.00 secs] 
2020-10-26T01:40:05.979+0500: 0.713: [GC (Allocation Failure) 2020-10-26T01:40:05.979+0500: 0.713: [ParNew: 157246K->157246K(157248K), 0.0000198 secs]2020-10-26T01:40:05.979+0500: 0.713: [CMS: 340294K->322444K(349568K), 0.0478896 secs] 497541K->322444K(506816K), [Metaspace: 2724K->2724K(1056768K)], 0.0480251 secs] [Times: user=0.05 sys=0.00, real=0.05 secs] 
2020-10-26T01:40:06.027+0500: 0.761: [GC (CMS Initial Mark) [1 CMS-initial-mark: 322444K(349568K)] 322588K(506816K), 0.0002780 secs] [Times: user=0.00 sys=0.00, real=0.00 secs] 
2020-10-26T01:40:06.027+0500: 0.762: [CMS-concurrent-mark-start]
2020-10-26T01:40:06.029+0500: 0.763: [CMS-concurrent-mark: 0.002/0.002 secs] [Times: user=0.00 sys=0.00, real=0.00 secs] 
2020-10-26T01:40:06.029+0500: 0.763: [CMS-concurrent-preclean-start]
2020-10-26T01:40:06.029+0500: 0.764: [CMS-concurrent-preclean: 0.001/0.001 secs] [Times: user=0.00 sys=0.00, real=0.00 secs] 
2020-10-26T01:40:06.029+0500: 0.764: [CMS-concurrent-abortable-preclean-start]
2020-10-26T01:40:06.057+0500: 0.791: [GC (Allocation Failure) 2020-10-26T01:40:06.057+0500: 0.791: [ParNew (promotion failed): 139776K->157247K(157248K), 0.0095012 secs]2020-10-26T01:40:06.066+0500: 0.801: [CMS2020-10-26T01:40:06.066+0500: 0.801: [CMS-concurrent-abortable-preclean: 0.001/0.037 secs] [Times: user=0.10 sys=0.01, real=0.04 secs] 
 (concurrent mode failure): 349428K->335886K(349568K), 0.0515012 secs] 462220K->335886K(506816K), [Metaspace: 2724K->2724K(1056768K)], 0.0611451 secs] [Times: user=0.12 sys=0.01, real=0.06 secs] 
2020-10-26T01:40:06.142+0500: 0.877: [GC (Allocation Failure) 2020-10-26T01:40:06.142+0500: 0.877: [ParNew: 139776K->139776K(157248K), 0.0000255 secs]2020-10-26T01:40:06.142+0500: 0.877: [CMS: 335886K->331533K(349568K), 0.0505931 secs] 475662K->331533K(506816K), [Metaspace: 2724K->2724K(1056768K)], 0.0507540 secs] [Times: user=0.05 sys=0.00, real=0.05 secs] 
2020-10-26T01:40:06.193+0500: 0.928: [GC (CMS Initial Mark) [1 CMS-initial-mark: 331533K(349568K)] 332265K(506816K), 0.0002253 secs] [Times: user=0.00 sys=0.00, real=0.00 secs] 
2020-10-26T01:40:06.194+0500: 0.928: [CMS-concurrent-mark-start]
2020-10-26T01:40:06.195+0500: 0.930: [CMS-concurrent-mark: 0.002/0.002 secs] [Times: user=0.01 sys=0.00, real=0.00 secs] 
2020-10-26T01:40:06.195+0500: 0.930: [CMS-concurrent-preclean-start]
2020-10-26T01:40:06.196+0500: 0.931: [CMS-concurrent-preclean: 0.001/0.001 secs] [Times: user=0.00 sys=0.00, real=0.00 secs] 
2020-10-26T01:40:06.196+0500: 0.931: [CMS-concurrent-abortable-preclean-start]
2020-10-26T01:40:06.220+0500: 0.954: [GC (Allocation Failure) 2020-10-26T01:40:06.220+0500: 0.954: [ParNew: 139776K->139776K(157248K), 0.0000220 secs]2020-10-26T01:40:06.220+0500: 0.954: [CMS2020-10-26T01:40:06.220+0500: 0.955: [CMS-concurrent-abortable-preclean: 0.001/0.024 secs] [Times: user=0.02 sys=0.00, real=0.03 secs] 
 (concurrent mode failure): 331533K->332338K(349568K), 0.0499467 secs] 471309K->332338K(506816K), [Metaspace: 2724K->2724K(1056768K)], 0.0500793 secs] [Times: user=0.05 sys=0.00, real=0.05 secs] 
2020-10-26T01:40:06.301+0500: 1.036: [GC (Allocation Failure) 2020-10-26T01:40:06.301+0500: 1.036: [ParNew: 139479K->139479K(157248K), 0.0000229 secs]2020-10-26T01:40:06.301+0500: 1.036: [CMS: 332338K->340598K(349568K), 0.0504009 secs] 471817K->340598K(506816K), [Metaspace: 2724K->2724K(1056768K)], 0.0505439 secs] [Times: user=0.05 sys=0.00, real=0.05 secs] 
2020-10-26T01:40:06.352+0500: 1.087: [GC (CMS Initial Mark) [1 CMS-initial-mark: 340598K(349568K)] 340971K(506816K), 0.0002701 secs] [Times: user=0.00 sys=0.00, real=0.00 secs] 
2020-10-26T01:40:06.352+0500: 1.087: [CMS-concurrent-mark-start]
Heap
 par new generation   total 157248K, used 5928K [0x00000007a0000000, 0x00000007aaaa0000, 0x00000007aaaa0000)
  eden space 139776K,   4% used [0x00000007a0000000, 0x00000007a05ca370, 0x00000007a8880000)
  from space 17472K,   0% used [0x00000007a9990000, 0x00000007a9990000, 0x00000007aaaa0000)
  to   space 17472K,   0% used [0x00000007a8880000, 0x00000007a8880000, 0x00000007a9990000)
 concurrent mark-sweep generation total 349568K, used 340598K [0x00000007aaaa0000, 0x00000007c0000000, 0x00000007c0000000)
 Metaspace       used 2731K, capacity 4486K, committed 4864K, reserved 1056768K
  class space    used 297K, capacity 386K, committed 512K, reserved 1048576K
